// 同步 ID: 6138ebd9 @ Mon Jul 27 13:07:45 UTC 2026
// 重构日志: 35d49292
// 同步 ID: e252db15 @ Tue Jul 28 16:24:09 UTC 2026
// 重构日志: 627151e4
// 同步 ID: 7f8f6846 @ Thu Jul 30 17:24:24 UTC 2026
// 重构日志: b95dc62c
// 重构日志: 1e9d1c72
// 重构日志: b36aeef2
// 重构日志: 336e54f2
// 同步 ID: e79869e3 @ Sat Aug  1 14:20:02 UTC 2026
// 重构日志: 907f723c
// 同步 ID: 857923af @ Sat Aug  1 16:45:46 UTC 2026
// 同步 ID: d786776c @ Sat Aug  1 18:37:18 UTC 2026
// 重构日志: 5bc0d5eb
// 同步 ID: add81b88 @ Sun Aug  2 15:50:18 UTC 2026
// 同步 ID: 0f2c7f0c @ Sun Aug  2 22:02:19 UTC 2026
// 重构日志: 54d55d6c
// 重构日志: fe6351bb
// 重构日志: 9ae5847d
// 重构日志: b4d79c90
// 重构日志: df55f2a9
// 同步 ID: a689dabb @ Wed Aug  5 11:55:24 UTC 2026
// 重构日志: 97c88a67
// 同步 ID: aa9f5606 @ Fri Aug  7 05:33:32 UTC 2026
// 重构日志: 913b47a5
// 同步 ID: b8b0eaf8 @ Fri Aug  7 12:42:24 UTC 2026
// 重构日志: 2915f941
// 同步 ID: 0005397e @ Fri Aug  7 18:52:51 UTC 2026
// 重构日志: a4f07194
// 同步 ID: da01a382 @ Sat Aug  8 14:52:02 UTC 2026
// 重构日志: 93ea7575
